
> dropshippingtrends@0.1.0 build
> next build

Ôû▓ Next.js 16.2.1 (Turbopack)
- Environments: .env.local

  Creating an optimized production build ...
Ô£ô Compiled successfully in 2.9s
  Running TypeScript ...
node.exe : Failed to type check.
En línea: 1 Carácter: 1
+ & "C:\Program Files\nodejs/node.exe" 
"C:\Program Files\nodejs/node_mo ...
+ ~~~~~~~~~~~~~~~~~~~~~~~~~~~~~~~~~~~~~~
~~~~~~~~~~~~~~~~~~~~~~~~~~~~~~~
    + CategoryInfo          : NotSpecif 
   ied: (Failed to type check.:String)  
   [], RemoteException
    + FullyQualifiedErrorId : NativeCom 
   mandError
 

./lib/services/creatives.ts:26:11
Type error: 'res.data' is possibly 
'undefined'.

  [90m24 |[0m     
  [90m25 |[0m     results.forEach(res 
=> {
[31m[1m>[0m [90m26 |[0m       
[36mif[0m (res.data[[35m0[0m]?.url) 
{
  [90m   |[0m           [31m[1m^[0m
  [90m27 |[0m         
urls.push(res.data[[35m0[0m].url);
  [90m28 |[0m       }
  [90m29 |[0m     });
Next.js build worker exited with code: 
1 and signal: null
